
int main()
{
pitch p1 = 4;
pitch p2 = 5;
duration d1 = $1/4$;
duration d2 = $1/3$;
chord c = (a, b), 2, 3, Binop here, 5, 6;
}

