
int main()
{
duration d = $1/4$;
frac f = $3/4$;
}

