1
1
[0, 0, 0, 0, 0, 0, 0, 0, 0, 0, 1]
true
true
false
false
[1, 2, 3, 4]
[5, 6, 7, 8]
5
5.
[1., 2., 3., 4., 5.]
[5., 6., 7., 8.]
[5, 6, 7, 8]
[5, 6, 7, 8]
[|G1|:0.25:100, |D2|:0.25:100, |F5|:0.25:100]
[C1, D1, E1, F1]
[A5, B5, G5]
[|C1|:0.25:100, |D1|:0.25:100, |E1|:0.25:100, |F1|:0.25:100]
[|G5|:0.25:100, |A5|:0.25:100, |B5|:0.25:100]
1
2.
E1
|F1|:0.25:100
[10, 2, 3, 15]
[1., 2.5, 3., 4., 5.]
