8
7
24
5
0
true
true
false
true
true
false
true
false
true
true
true
false
3.7
6.6
0.25
10.
false
true
true
false
true
false
false
-4
-4.4
4.2
5.5
1.5
0.5
18.3
12.6
0.25
2.05
true
false
false
true
true
false
false
true
true
false
false
true
C#0
F#5
C5
E3
F#2
F#7
D0
C#3
C#0
C0
true
false
false
true
true
false
false
true
true
false
false
true
true
false
true
false
true
false
|C5|:1.:100
|C2|:0.25:100
|D4, C9|:1.:100
|A5, D3|:0.25:100
[|G2, C1|:0.25:100, |D1|:0.25:100, |E1|:0.25:100, |F1|:0.25:100]
[|G2, C1|:0.25:100, |D1|:0.25:100, |E1|:0.25:100, |F1|:0.25:100, |G2, C1|:0.25:100, |D1|:0.25:100, |E1|:0.25:100, |F1|:0.25:100, |G2, C1|:0.25:100, |D1|:0.25:100, |E1|:0.25:100, |F1|:0.25:100]
[4, 6, 10, 4, 6, 10, 4, 6, 10, 4, 6, 10]
[3., 0.5, 3., 0.5]
[|G2, C1|:0.25:100, |D1|:0.25:100, |E1|:0.25:100, |F1|:0.25:100]
[|G2, C1|:0.25:100, |D1|:0.25:100, |E1|:0.25:100, |F1|:0.25:100, |G2, C1|:0.25:100, |D1|:0.25:100, |E1|:0.25:100, |F1|:0.25:100, |G2, C1|:0.25:100, |D1|:0.25:100, |E1|:0.25:100, |F1|:0.25:100]
[4, 6, 10, 4, 6, 10, 4, 6, 10, 4, 6, 10]
[3., 0.5, 3., 0.5]
