[A4, A5, B6, B7]
B5
0.5
5.
100
1
1
2
3
5.
50
[C#4, F5]
[C5]
