[|C1|:0.25:100, |D1|:0.25:100, |E1|:0.25:100]
[C1]
0.75
100
[D1]
0.75
100
[E1]
0.75
100
[|C1|:0.75:100, |D1|:0.75:100, |E1|:0.75:100]
[|C1|:0.1:100, |D1|:0.2:100, |E1|:0.3:100]
[|C1|:0.1:25, |D1|:0.2:50, |E1|:0.3:75]
[|A1|:0.1:25, |B1|:0.2:50, |F1|:0.3:75]
